// Jest Snapshot v1, https://goo.gl/fbAQLP

exports[`Should FilmPageReviews render correctly 1`] = `
<div
  className="movie-card__reviews movie-card__row"
>
  <div
    className="movie-card__reviews-col"
  >
    <div
      className="review"
      style={
        Object {
          "borderBottomColor": "#3b81b7",
        }
      }
    >
      <blockquote
        className="review__quote"
      >
        <p
          className="review__text"
        >
          Lorem ipsum dolor sit amet, consectetur adipiscing elit, sed do eiusmod tempor incididunt ut labore et dolore magna aliqua. Ut enim ad minim veniam
        </p>
        <footer
          className="review__details"
        >
          <cite
            className="review__author"
          >
            Christina
          </cite>
          <time
            className="review__date"
            dateTime="2020-10-9"
          >
            October 9, 2020
          </time>
        </footer>
      </blockquote>
      <div
        className="review__rating"
      >
        2.4
      </div>
    </div>
    <div
      className="review"
      style={
        Object {
          "borderBottomColor": "#3b81b7",
        }
      }
    >
      <blockquote
        className="review__quote"
      >
        <p
          className="review__text"
        >
          Lorem ipsum dolor sit amet, consectetur adipiscing elit, sed do eiusmod tempor incididunt ut labore et dolore magna aliqua. Ut enim ad minim veniam, quis nostrud exercitation ullamco laboris nisi ut aliquip ex ea commodo consequat
        </p>
        <footer
          className="review__details"
        >
          <cite
            className="review__author"
          >
            Corey
          </cite>
          <time
            className="review__date"
            dateTime="2020-10-27"
          >
            October 27, 2020
          </time>
        </footer>
      </blockquote>
      <div
        className="review__rating"
      >
        3.2
      </div>
    </div>
    <div
      className="review"
      style={
        Object {
          "borderBottomColor": "#3b81b7",
        }
      }
    >
      <blockquote
        className="review__quote"
      >
        <p
          className="review__text"
        >
          Lorem ipsustrud exercitation ullamco laboris nisi ut aliquip ex ea commodo consequat
        </p>
        <footer
          className="review__details"
        >
          <cite
            className="review__author"
          >
            Mollie
          </cite>
          <time
            className="review__date"
            dateTime="2020-10-9"
          >
            October 9, 2020
          </time>
        </footer>
      </blockquote>
      <div
        className="review__rating"
      >
        1.7
      </div>
    </div>
    <div
      className="review"
      style={
        Object {
          "borderBottomColor": "#3b81b7",
        }
      }
    >
      <blockquote
        className="review__quote"
      >
        <p
          className="review__text"
        >
          Lorem ipsum dolor sit amet, consectetur adipiscing elit, sed do eiusmod tempor ilaboris nisi ut aliquip ex ea commodo consequat
        </p>
        <footer
          className="review__details"
        >
          <cite
            className="review__author"
          >
            Corey
          </cite>
          <time
            className="review__date"
            dateTime="2020-10-11"
          >
            October 11, 2020
          </time>
        </footer>
      </blockquote>
      <div
        className="review__rating"
      >
        4.2
      </div>
    </div>
    <div
      className="review"
      style={
        Object {
          "borderBottomColor": "#3b81b7",
        }
      }
    >
      <blockquote
        className="review__quote"
      >
        <p
          className="review__text"
        >
          Lorem ipsum dolor sit amet, consectetur adipiscing elit, sed do eiusmod tempor incididunt ut labore et dolore magna aliqua. Ut enim ad minim veniam, quis nostrud exercitatboris nisi ut aliquip ex ea commodo consequat
        </p>
        <footer
          className="review__details"
        >
          <cite
            className="review__author"
          >
            Jack
          </cite>
          <time
            className="review__date"
            dateTime="2020-10-19"
          >
            October 19, 2020
          </time>
        </footer>
      </blockquote>
      <div
        className="review__rating"
      >
        4.5
      </div>
    </div>
  </div>
</div>
`;
