// Jest Snapshot v1, https://goo.gl/fbAQLP

exports[`Should FilmsList render correctly 1`] = `
<div
  className="catalog__movies-list"
>
  <FilmCard
    id={1}
    isActive={false}
    name="Bronson"
    onCardClick={[Function]}
    onCardMouseOut={[Function]}
    onCardMouseOver={[Function]}
    previewImage="https://assets.htmlacademy.ru/intensives/javascript-3/film/preview/bronson.jpg"
    previewVideoLink="https://upload.wikimedia.org/wikipedia/commons/transcoded/b/b3/Big_Buck_Bunny_Trailer_400p.ogv/Big_Buck_Bunny_Trailer_400p.ogv.360p.webm"
  />
</div>
`;
