// Jest Snapshot v1, https://goo.gl/fbAQLP

exports[`Should FilmsList render correctly 1`] = `
<div
  className="catalog__movies-list"
>
  <FilmCard
    id={1}
    isActive={false}
    name="Bronson"
    onCardClick={[Function]}
    onCardMouseOut={[Function]}
    onCardMouseOver={[Function]}
    previewImage="https://assets.htmlacademy.ru/intensives/javascript-3/film/preview/bronson.jpg"
    previewVideoLink="https://upload.wikimedia.org/wikipedia/commons/transcoded/b/b3/Big_Buck_Bunny_Trailer_400p.ogv/Big_Buck_Bunny_Trailer_400p.ogv.360p.webm"
  />
  <FilmCard
    id={2}
    isActive={true}
    name="Midnight Special"
    onCardClick={[Function]}
    onCardMouseOut={[Function]}
    onCardMouseOver={[Function]}
    previewImage="https://assets.htmlacademy.ru/intensives/javascript-3/film/preview/Midnight_Special.jpg"
    previewVideoLink="https://upload.wikimedia.org/wikipedia/commons/transcoded/b/b3/Big_Buck_Bunny_Trailer_400p.ogv/Big_Buck_Bunny_Trailer_400p.ogv.360p.webm"
  />
  <FilmCard
    id={3}
    isActive={false}
    name="Pulp Fiction"
    onCardClick={[Function]}
    onCardMouseOut={[Function]}
    onCardMouseOver={[Function]}
    previewImage="https://assets.htmlacademy.ru/intensives/javascript-3/film/preview/Pulp_Fiction.jpg"
    previewVideoLink="https://upload.wikimedia.org/wikipedia/commons/transcoded/b/b3/Big_Buck_Bunny_Trailer_400p.ogv/Big_Buck_Bunny_Trailer_400p.ogv.360p.webm"
  />
  <FilmCard
    id={4}
    isActive={false}
    name="Matrix"
    onCardClick={[Function]}
    onCardMouseOut={[Function]}
    onCardMouseOver={[Function]}
    previewImage="https://assets.htmlacademy.ru/intensives/javascript-3/film/preview/Matrix.jpg"
    previewVideoLink="https://upload.wikimedia.org/wikipedia/commons/transcoded/b/b3/Big_Buck_Bunny_Trailer_400p.ogv/Big_Buck_Bunny_Trailer_400p.ogv.360p.webm"
  />
  <FilmCard
    id={5}
    isActive={false}
    name="Legend"
    onCardClick={[Function]}
    onCardMouseOut={[Function]}
    onCardMouseOver={[Function]}
    previewImage="https://assets.htmlacademy.ru/intensives/javascript-3/film/preview/Legend.jpg"
    previewVideoLink="https://upload.wikimedia.org/wikipedia/commons/transcoded/b/b3/Big_Buck_Bunny_Trailer_400p.ogv/Big_Buck_Bunny_Trailer_400p.ogv.360p.webm"
  />
  <FilmCard
    id={6}
    isActive={false}
    name="angs of new york"
    onCardClick={[Function]}
    onCardMouseOut={[Function]}
    onCardMouseOver={[Function]}
    previewImage="https://assets.htmlacademy.ru/intensives/javascript-3/film/preview/gangs_of_new_york.jpg"
    previewVideoLink="https://upload.wikimedia.org/wikipedia/commons/transcoded/b/b3/Big_Buck_Bunny_Trailer_400p.ogv/Big_Buck_Bunny_Trailer_400p.ogv.360p.webm"
  />
  <FilmCard
    id={7}
    isActive={false}
    name="A Star Is Born"
    onCardClick={[Function]}
    onCardMouseOut={[Function]}
    onCardMouseOver={[Function]}
    previewImage="https://assets.htmlacademy.ru/intensives/javascript-3/film/preview/A_Star_is_Born.jpg"
    previewVideoLink="https://upload.wikimedia.org/wikipedia/commons/transcoded/b/b3/Big_Buck_Bunny_Trailer_400p.ogv/Big_Buck_Bunny_Trailer_400p.ogv.360p.webm"
  />
  <FilmCard
    id={8}
    isActive={false}
    name="Snatch"
    onCardClick={[Function]}
    onCardMouseOut={[Function]}
    onCardMouseOver={[Function]}
    previewImage="https://assets.htmlacademy.ru/intensives/javascript-3/film/preview/Snatch.jpg"
    previewVideoLink="https://upload.wikimedia.org/wikipedia/commons/transcoded/b/b3/Big_Buck_Bunny_Trailer_400p.ogv/Big_Buck_Bunny_Trailer_400p.ogv.360p.webm"
  />
  <FilmCard
    id={9}
    isActive={false}
    name="Bohemian Rhapsody"
    onCardClick={[Function]}
    onCardMouseOut={[Function]}
    onCardMouseOver={[Function]}
    previewImage="https://assets.htmlacademy.ru/intensives/javascript-3/film/preview/Bohemian_Rhapsody.jpg"
    previewVideoLink="https://upload.wikimedia.org/wikipedia/commons/transcoded/b/b3/Big_Buck_Bunny_Trailer_400p.ogv/Big_Buck_Bunny_Trailer_400p.ogv.360p.webm"
  />
</div>
`;
