// Jest Snapshot v1, https://goo.gl/fbAQLP

exports[`withFullscreenPlayer is rendered correctly 1`] = `
<video
  className="player__video"
  image="https://assets.htmlacademy.ru/intensives/javascript-3/film/preview/bronson.jpg"
  src="https://upload.wikimedia.org/wikipedia/commons/transcoded/b/b3/Big_Buck_Bunny_Trailer_400p.ogv/Big_Buck_Bunny_Trailer_400p.ogv.360p.webm"
/>
`;
